../Core/Src/main.c:93:5:main	8	static
../Core/Src/main.c:145:6:SystemClock_Config	96	static
../Core/Src/main.c:194:13:MX_ADC1_Init	32	static
../Core/Src/main.c:387:13:MX_USART1_UART_Init	8	static
../Core/Src/main.c:420:13:MX_DMA_Init	16	static
../Core/Src/main.c:438:13:MX_GPIO_Init	48	static
../Core/Src/main.c:466:9:map	24	static
../Core/Src/main.c:483:9:ProcessLineSensor	16	static
../Core/Src/main.c:583:6:TransmitPackedData	56	dynamic
../Core/Src/main.c:599:6:HAL_UART_RxCpltCallback	16	static
../Core/Src/main.c:609:6:HAL_ADC_ConvCpltCallback	24	static
../Core/Src/main.c:623:6:Error_Handler	4	static,ignoring_inline_asm
