../Core/Src/main.c:102:5:main	8	static
../Core/Src/main.c:172:6:SystemClock_Config	96	static
../Core/Src/main.c:221:13:MX_ADC1_Init	32	static
../Core/Src/main.c:414:13:MX_USART1_UART_Init	8	static
../Core/Src/main.c:447:13:MX_DMA_Init	16	static
../Core/Src/main.c:465:13:MX_GPIO_Init	48	static
../Core/Src/main.c:493:9:map	24	static
../Core/Src/main.c:510:9:ProcessLineSensor	16	static
../Core/Src/main.c:621:6:TransmitPackedData	16	static
../Core/Src/main.c:638:6:Flush_UART_RX_Buffer	24	static
../Core/Src/main.c:645:6:HAL_UART_RxCpltCallback	24	static
../Core/Src/main.c:661:6:HAL_ADC_ConvCpltCallback	24	static
../Core/Src/main.c:675:6:Error_Handler	4	static,ignoring_inline_asm
