../Core/Src/main.c:77:5:main	8	static
../Core/Src/main.c:136:6:SystemClock_Config	88	static
../Core/Src/main.c:183:13:MX_TIM2_Init	32	static
../Core/Src/main.c:228:13:MX_USART1_UART_Init	8	static
../Core/Src/main.c:261:13:MX_GPIO_Init	40	static
../Core/Src/main.c:302:6:TransmitPackedData	24	static
../Core/Src/main.c:314:6:HAL_UART_RxCpltCallback	16	static
../Core/Src/main.c:330:6:HAL_TIM_PeriodElapsedCallback	16	static
../Core/Src/main.c:345:6:HAL_GPIO_EXTI_Callback	16	static
../Core/Src/main.c:362:6:Error_Handler	4	static,ignoring_inline_asm
